root@kali:~/4070E004# gedit c300_2.c
root@kali:~/4070E004# gcc c300_2.c -o c300_2
root@kali:~/4070E004# ./c300_2
恩師好 我是學生陳賢家這是我的c300_2
Input a character:k
ch=%, The ASCII code is 107
sh: 1: pause: not found
root@kali:~/4070E004# z
bash: z: command not found
root@kali:~/4070E004# ./c300_2
恩師好 我是學生陳賢家這是我的c300_2
Input a character:z
ch=%, The ASCII code is 122
sh: 1: pause: not found
root@kali:~/4070E004# ^C
root@kali:~/4070E004# ^C
root@kali:~/4070E004# 
